16:02:15 **** Incremental Build of configuration Debug for project Cart RFID ****
make -j8 all 
arm-none-eabi-gcc "../Core/Src/main.c" -mcpu=cortex-m3 -std=gnu11 -g3 -DDEBUG -DUSE_HAL_DRIVER -DSTM32F103xB -c -I../Core/Inc -I../Drivers/STM32F1xx_HAL_Driver/Inc -I../Drivers/STM32F1xx_HAL_Driver/Inc/Legacy -I../Drivers/CMSIS/Device/ST/STM32F1xx/Include -I../Drivers/CMSIS/Include -O0 -ffunction-sections -fdata-sections -Wall -fstack-usage -MMD -MP -MF"Core/Src/main.d" -MT"Core/Src/main.o" --specs=nano.specs -mfloat-abi=soft -mthumb -o "Core/Src/main.o"
arm-none-eabi-gcc -o "Cart RFID.elf" @"objects.list"   -mcpu=cortex-m3 -T"C:\2022_1_Seoul-Hardware-Hackathon\Cart RFID\Cart RFID\STM32F103C8TX_FLASH.ld" --specs=nosys.specs -Wl,-Map="Cart RFID.map" -Wl,--gc-sections -static --specs=nano.specs -mfloat-abi=soft -mthumb -Wl,--start-group -lc -lm -Wl,--end-group
Finished building target: Cart RFID.elf
 
arm-none-eabi-size   Cart\ RFID.elf 
arm-none-eabi-objdump -h -S  Cart\ RFID.elf  > "Cart RFID.list"
arm-none-eabi-objcopy  -O binary  Cart\ RFID.elf  "Cart RFID.bin"
   text	   data	    bss	    dec	    hex	filename
  18044	    120	   1920	  20084	   4e74	Cart RFID.elf
Finished building: default.size.stdout
 
Finished building: Cart RFID.bin
 
Finished building: Cart RFID.list
 

16:02:18 Build Finished. 0 errors, 0 warnings. (took 3s.163ms)

